[INFO] Scanning for projects...
[WARNING] 
[WARNING] Some problems were encountered while building the effective model for com.lacus:lacus-admin:jar:2.0.0
[WARNING] 'build.plugins.plugin.version' for org.apache.maven.plugins:maven-jar-plugin is missing. @ com.lacus:lacus:${revision}, /Users/casey/workspace/lacus/pom.xml, line 467, column 21
[WARNING] 'build.plugins.plugin.version' for org.apache.maven.plugins:maven-resources-plugin is missing. @ com.lacus:lacus:${revision}, /Users/casey/workspace/lacus/pom.xml, line 533, column 21
[WARNING] 
[WARNING] Some problems were encountered while building the effective model for com.lacus:lacus-common:jar:2.0.0
[WARNING] 'build.plugins.plugin.version' for org.apache.maven.plugins:maven-compiler-plugin is missing. @ com.lacus:lacus-common:${revision}, /Users/casey/workspace/lacus/lacus-common/pom.xml, line 12, column 21
[WARNING] 'build.plugins.plugin.version' for org.apache.maven.plugins:maven-jar-plugin is missing. @ com.lacus:lacus:${revision}, /Users/casey/workspace/lacus/pom.xml, line 467, column 21
[WARNING] 'build.plugins.plugin.version' for org.apache.maven.plugins:maven-resources-plugin is missing. @ com.lacus:lacus:${revision}, /Users/casey/workspace/lacus/pom.xml, line 533, column 21
[WARNING] 
[WARNING] Some problems were encountered while building the effective model for com.lacus:lacus-domain:jar:2.0.0
[WARNING] 'build.plugins.plugin.version' for org.apache.maven.plugins:maven-compiler-plugin is missing. @ com.lacus:lacus-domain:${revision}, /Users/casey/workspace/lacus/lacus-domain/pom.xml, line 12, column 21
[WARNING] 'build.plugins.plugin.version' for org.apache.maven.plugins:maven-jar-plugin is missing. @ com.lacus:lacus:${revision}, /Users/casey/workspace/lacus/pom.xml, line 467, column 21
[WARNING] 'build.plugins.plugin.version' for org.apache.maven.plugins:maven-resources-plugin is missing. @ com.lacus:lacus:${revision}, /Users/casey/workspace/lacus/pom.xml, line 533, column 21
[WARNING] 
[WARNING] Some problems were encountered while building the effective model for com.lacus:lacus-core:jar:2.0.0
[WARNING] 'build.plugins.plugin.version' for org.apache.maven.plugins:maven-compiler-plugin is missing. @ com.lacus:lacus-core:${revision}, /Users/casey/workspace/lacus/lacus-core/pom.xml, line 148, column 21
[WARNING] 'build.plugins.plugin.version' for org.apache.maven.plugins:maven-jar-plugin is missing. @ com.lacus:lacus:${revision}, /Users/casey/workspace/lacus/pom.xml, line 467, column 21
[WARNING] 'build.plugins.plugin.version' for org.apache.maven.plugins:maven-resources-plugin is missing. @ com.lacus:lacus:${revision}, /Users/casey/workspace/lacus/pom.xml, line 533, column 21
[WARNING] 
[WARNING] Some problems were encountered while building the effective model for com.lacus:lacus-dao:jar:2.0.0
[WARNING] 'build.plugins.plugin.version' for org.apache.maven.plugins:maven-compiler-plugin is missing. @ com.lacus:lacus-dao:${revision}, /Users/casey/workspace/lacus/lacus-dao/pom.xml, line 49, column 21
[WARNING] 'build.plugins.plugin.version' for org.apache.maven.plugins:maven-jar-plugin is missing. @ com.lacus:lacus:${revision}, /Users/casey/workspace/lacus/pom.xml, line 467, column 21
[WARNING] 'build.plugins.plugin.version' for org.apache.maven.plugins:maven-resources-plugin is missing. @ com.lacus:lacus:${revision}, /Users/casey/workspace/lacus/pom.xml, line 533, column 21
[WARNING] 
[WARNING] Some problems were encountered while building the effective model for com.lacus:lacus-service:jar:2.0.0
[WARNING] 'build.plugins.plugin.version' for org.apache.maven.plugins:maven-jar-plugin is missing. @ com.lacus:lacus:${revision}, /Users/casey/workspace/lacus/pom.xml, line 467, column 21
[WARNING] 'build.plugins.plugin.version' for org.apache.maven.plugins:maven-resources-plugin is missing. @ com.lacus:lacus:${revision}, /Users/casey/workspace/lacus/pom.xml, line 533, column 21
[WARNING] 
[WARNING] Some problems were encountered while building the effective model for com.lacus:lacus-dist:jar:2.0.0
[WARNING] 'build.plugins.plugin.version' for org.apache.maven.plugins:maven-compiler-plugin is missing. @ com.lacus:lacus-dist:${revision}, /Users/casey/workspace/lacus/lacus-dist/pom.xml, line 85, column 21
[WARNING] 'build.plugins.plugin.version' for org.apache.maven.plugins:maven-jar-plugin is missing. @ com.lacus:lacus-dist:${revision}, /Users/casey/workspace/lacus/lacus-dist/pom.xml, line 22, column 21
[WARNING] 'build.plugins.plugin.version' for org.apache.maven.plugins:maven-resources-plugin is missing. @ com.lacus:lacus:${revision}, /Users/casey/workspace/lacus/pom.xml, line 533, column 21
[WARNING] 
[WARNING] Some problems were encountered while building the effective model for com.lacus:lacus-datasource-plugin:jar:2.0.0
[WARNING] 'build.plugins.plugin.version' for org.apache.maven.plugins:maven-jar-plugin is missing. @ com.lacus:lacus:${revision}, /Users/casey/workspace/lacus/pom.xml, line 467, column 21
[WARNING] 'build.plugins.plugin.version' for org.apache.maven.plugins:maven-resources-plugin is missing. @ com.lacus:lacus:${revision}, /Users/casey/workspace/lacus/pom.xml, line 533, column 21
[WARNING] 
[WARNING] Some problems were encountered while building the effective model for com.lacus:lacus-st-plugin:jar:2.0.0
[WARNING] 'build.plugins.plugin.version' for org.apache.maven.plugins:maven-compiler-plugin is missing. @ com.lacus:lacus-st-plugin:${revision}, /Users/casey/workspace/lacus/lacus-st-plugin/pom.xml, line 91, column 21
[WARNING] 'build.plugins.plugin.version' for org.apache.maven.plugins:maven-jar-plugin is missing. @ com.lacus:lacus:${revision}, /Users/casey/workspace/lacus/pom.xml, line 467, column 21
[WARNING] 'build.plugins.plugin.version' for org.apache.maven.plugins:maven-resources-plugin is missing. @ com.lacus:lacus:${revision}, /Users/casey/workspace/lacus/pom.xml, line 533, column 21
[WARNING] 
[WARNING] Some problems were encountered while building the effective model for com.lacus:lacus-alert-plugin:jar:2.0.0
[WARNING] 'build.plugins.plugin.version' for org.apache.maven.plugins:maven-jar-plugin is missing. @ com.lacus:lacus:${revision}, /Users/casey/workspace/lacus/pom.xml, line 467, column 21
[WARNING] 'build.plugins.plugin.version' for org.apache.maven.plugins:maven-resources-plugin is missing. @ com.lacus:lacus:${revision}, /Users/casey/workspace/lacus/pom.xml, line 533, column 21
[WARNING] 
[WARNING] Some problems were encountered while building the effective model for com.lacus:lacus:pom:2.0.0
[WARNING] 'build.plugins.plugin.version' for org.apache.maven.plugins:maven-jar-plugin is missing. @ com.lacus:lacus:${revision}, /Users/casey/workspace/lacus/pom.xml, line 467, column 21
[WARNING] 'build.plugins.plugin.version' for org.apache.maven.plugins:maven-resources-plugin is missing. @ com.lacus:lacus:${revision}, /Users/casey/workspace/lacus/pom.xml, line 533, column 21
[WARNING] 
[WARNING] It is highly recommended to fix these problems because they threaten the stability of your build.
[WARNING] 
[WARNING] For this reason, future Maven versions might no longer support building such malformed projects.
[WARNING] 
[INFO] ------------------------------------------------------------------------
[INFO] Reactor Build Order:
[INFO] 
[INFO] lacus                                                              [pom]
[INFO] lacus-common                                                       [jar]
[INFO] lacus-dao                                                          [jar]
[INFO] lacus-datasource-plugin                                            [jar]
[INFO] lacus-alert-plugin                                                 [jar]
[INFO] lacus-service                                                      [jar]
[INFO] lacus-core                                                         [jar]
[INFO] lacus-st-plugin                                                    [jar]
[INFO] lacus-domain                                                       [jar]
[INFO] lacus-admin                                                        [jar]
[INFO] lacus-dist                                                         [jar]
[INFO] lacus-dataquality                                                  [jar]
[INFO] 
[INFO] --------------------------< com.lacus:lacus >---------------------------
[INFO] Building lacus 2.0.0                                              [1/12]
[INFO]   from pom.xml
[INFO] --------------------------------[ pom ]---------------------------------
Downloading from maven-default-http-blocker: http://0.0.0.0/org/apache/maven/plugins/maven-jar-plugin/maven-metadata.xml
[WARNING] Could not transfer metadata org.apache.maven.plugins:maven-jar-plugin/maven-metadata.xml from/to maven-default-http-blocker (http://0.0.0.0/): transfer failed for http://0.0.0.0/org/apache/maven/plugins/maven-jar-plugin/maven-metadata.xml
Downloading from maven-default-http-blocker: http://0.0.0.0/org/apache/maven/plugins/maven-resources-plugin/maven-metadata.xml
[WARNING] Could not transfer metadata org.apache.maven.plugins:maven-resources-plugin/maven-metadata.xml from/to maven-default-http-blocker (http://0.0.0.0/): transfer failed for http://0.0.0.0/org/apache/maven/plugins/maven-resources-plugin/maven-metadata.xml
[INFO] 
[INFO] -----------------------< com.lacus:lacus-common >-----------------------
[INFO] Building lacus-common 2.0.0                                       [2/12]
[INFO]   from lacus-common/pom.xml
[INFO] --------------------------------[ jar ]---------------------------------
[INFO] 
[INFO] --- maven-resources-plugin:2.6:resources (default-resources) @ lacus-common ---
[INFO] Using 'UTF-8' encoding to copy filtered resources.
[INFO] Copying 6 resources
[INFO] 
[INFO] --- maven-compiler-plugin:3.1:compile (default-compile) @ lacus-common ---
[INFO] Nothing to compile - all classes are up to date
[INFO] 
[INFO] ------------------------< com.lacus:lacus-dao >-------------------------
[INFO] Building lacus-dao 2.0.0                                          [3/12]
[INFO]   from lacus-dao/pom.xml
[INFO] --------------------------------[ jar ]---------------------------------
[INFO] 
[INFO] --- maven-resources-plugin:2.6:resources (default-resources) @ lacus-dao ---
[INFO] Using 'UTF-8' encoding to copy filtered resources.
[INFO] Copying 0 resource
[INFO] Copying 16 resources
[INFO] 
[INFO] --- maven-compiler-plugin:3.1:compile (default-compile) @ lacus-dao ---
[INFO] Nothing to compile - all classes are up to date
[INFO] 
[INFO] -----------------< com.lacus:lacus-datasource-plugin >------------------
[INFO] Building lacus-datasource-plugin 2.0.0                            [4/12]
[INFO]   from lacus-datasource-plugin/pom.xml
[INFO] --------------------------------[ jar ]---------------------------------
Downloading from maven-default-http-blocker: http://0.0.0.0/org/glassfish/javax.el/maven-metadata.xml
Downloading from jvnet-nexus-snapshots: https://maven.java.net/content/repositories/snapshots/org/glassfish/javax.el/maven-metadata.xml
[WARNING] Could not transfer metadata org.glassfish:javax.el/maven-metadata.xml from/to maven-default-http-blocker (http://0.0.0.0/): transfer failed for http://0.0.0.0/org/glassfish/javax.el/maven-metadata.xml
[WARNING] Could not transfer metadata org.glassfish:javax.el/maven-metadata.xml from/to jvnet-nexus-snapshots (https://maven.java.net/content/repositories/snapshots): transfer failed for https://maven.java.net/content/repositories/snapshots/org/glassfish/javax.el/maven-metadata.xml
[INFO] 
[INFO] --- maven-resources-plugin:2.6:resources (default-resources) @ lacus-datasource-plugin ---
[INFO] Using 'UTF-8' encoding to copy filtered resources.
[INFO] skip non existing resourceDirectory /Users/casey/workspace/lacus/lacus-datasource-plugin/src/main/resources
[INFO] 
[INFO] --- maven-compiler-plugin:3.1:compile (default-compile) @ lacus-datasource-plugin ---
[INFO] Nothing to compile - all classes are up to date
[INFO] 
[INFO] --------------------< com.lacus:lacus-alert-plugin >--------------------
[INFO] Building lacus-alert-plugin 2.0.0                                 [5/12]
[INFO]   from lacus-alert-plugin/pom.xml
[INFO] --------------------------------[ jar ]---------------------------------
[INFO] 
[INFO] --- maven-resources-plugin:2.6:resources (default-resources) @ lacus-alert-plugin ---
[INFO] Using 'UTF-8' encoding to copy filtered resources.
[INFO] skip non existing resourceDirectory /Users/casey/workspace/lacus/lacus-alert-plugin/src/main/resources
[INFO] 
[INFO] --- maven-compiler-plugin:3.1:compile (default-compile) @ lacus-alert-plugin ---
[INFO] Nothing to compile - all classes are up to date
[INFO] 
[INFO] ----------------------< com.lacus:lacus-service >-----------------------
[INFO] Building lacus-service 2.0.0                                      [6/12]
[INFO]   from lacus-service/pom.xml
[INFO] --------------------------------[ jar ]---------------------------------
[INFO] 
[INFO] --- maven-resources-plugin:2.6:resources (default-resources) @ lacus-service ---
[INFO] Using 'UTF-8' encoding to copy filtered resources.
[INFO] Copying 0 resource
[INFO] 
[INFO] --- maven-compiler-plugin:3.1:compile (default-compile) @ lacus-service ---
[INFO] Nothing to compile - all classes are up to date
[INFO] 
[INFO] ------------------------< com.lacus:lacus-core >------------------------
[INFO] Building lacus-core 2.0.0                                         [7/12]
[INFO]   from lacus-core/pom.xml
[INFO] --------------------------------[ jar ]---------------------------------
[WARNING] org.glassfish:javax.el/maven-metadata.xmlfailed to transfer from http://0.0.0.0/ during a previous attempt. This failure was cached in the local repository and resolution will not be reattempted until the update interval of maven-default-http-blocker has elapsed or updates are forced. Original error: Could not transfer metadata org.glassfish:javax.el/maven-metadata.xml from/to maven-default-http-blocker (http://0.0.0.0/): transfer failed for http://0.0.0.0/org/glassfish/javax.el/maven-metadata.xml
[WARNING] org.glassfish:javax.el/maven-metadata.xmlfailed to transfer from https://maven.java.net/content/repositories/snapshots during a previous attempt. This failure was cached in the local repository and resolution will not be reattempted until the update interval of jvnet-nexus-snapshots has elapsed or updates are forced. Original error: Could not transfer metadata org.glassfish:javax.el/maven-metadata.xml from/to jvnet-nexus-snapshots (https://maven.java.net/content/repositories/snapshots): transfer failed for https://maven.java.net/content/repositories/snapshots/org/glassfish/javax.el/maven-metadata.xml
[INFO] 
[INFO] --- maven-resources-plugin:2.6:resources (default-resources) @ lacus-core ---
[INFO] Using 'UTF-8' encoding to copy filtered resources.
[INFO] Copying 11 resources
[INFO] 
[INFO] --- maven-compiler-plugin:3.1:compile (default-compile) @ lacus-core ---
[INFO] Changes detected - recompiling the module!
[INFO] Compiling 80 source files to /Users/casey/workspace/lacus/lacus-core/target/classes
[INFO] -------------------------------------------------------------
[ERROR] COMPILATION ERROR : 
[INFO] -------------------------------------------------------------
[ERROR] No compiler is provided in this environment. Perhaps you are running on a JRE rather than a JDK?
[INFO] 1 error
[INFO] -------------------------------------------------------------
[INFO] ------------------------------------------------------------------------
[INFO] Reactor Summary for lacus 2.0.0:
[INFO] 
[INFO] lacus .............................................. SUCCESS [  0.358 s]
[INFO] lacus-common ....................................... SUCCESS [  0.798 s]
[INFO] lacus-dao .......................................... SUCCESS [  0.060 s]
[INFO] lacus-datasource-plugin ............................ SUCCESS [  1.186 s]
[INFO] lacus-alert-plugin ................................. SUCCESS [  0.143 s]
[INFO] lacus-service ...................................... SUCCESS [  0.078 s]
[INFO] lacus-core ......................................... FAILURE [  0.539 s]
[INFO] lacus-st-plugin .................................... SKIPPED
[INFO] lacus-domain ....................................... SKIPPED
[INFO] lacus-admin ........................................ SKIPPED
[INFO] lacus-dist ......................................... SKIPPED
[INFO] lacus-dataquality .................................. SKIPPED
[INFO] ------------------------------------------------------------------------
[INFO] BUILD FAILURE
[INFO] ------------------------------------------------------------------------
[INFO] Total time:  3.321 s
[INFO] Finished at: 2026-09-29T11:40:41+08:00
[INFO] ------------------------------------------------------------------------
[ERROR] Failed to execute goal org.apache.maven.plugins:maven-compiler-plugin:3.1:compile (default-compile) on project lacus-core: Compilation failure
[ERROR] No compiler is provided in this environment. Perhaps you are running on a JRE rather than a JDK?
[ERROR] 
[ERROR] -> [Help 1]
[ERROR] 
[ERROR] To see the full stack trace of the errors, re-run Maven with the -e switch.
[ERROR] Re-run Maven using the -X switch to enable full debug logging.
[ERROR] 
[ERROR] For more information about the errors and possible solutions, please read the following articles:
[ERROR] [Help 1] http://cwiki.apache.org/confluence/display/MAVEN/MojoFailureException
[ERROR] 
[ERROR] After correcting the problems, you can resume the build with the command
[ERROR]   mvn <args> -rf :lacus-core
